// Jest Snapshot v1, https://goo.gl/fbAQLP

exports[`<Signup /> Renders and matches snapshot 1`] = `
<div>
  <form
    class="Form-sc-1xszr8q-0 iaxOhV"
    method="POST"
  >
    <h2>
       Create an user account 
    </h2>
    <fieldset>
      <label
        for="name"
      >
        Name
        <input
          autocomplete="name"
          name="name"
          placeholder="Your name"
          type="text"
          value=""
        />
      </label>
      <label
        for="email"
      >
        Email
        <input
          autocomplete="email"
          name="email"
          placeholder="email@example.com"
          type="email"
          value=""
        />
      </label>
      <label
        for="password"
      >
        Password
        <input
          name="password"
          placeholder="Your password"
          type="password"
          value=""
        />
      </label>
      <button
        type="submit"
      >
         Create Account 
      </button>
    </fieldset>
  </form>
</div>
`;
